// Jest Snapshot v1, https://goo.gl/fbAQLP

exports[`creates a schema 1`] = `
"type modelFactoryModelConnection {
  totalCount: Int!
  nodes: [Settings_0!]
}

type Query {
  queryWithObjectReturn: TestCollection!
  queryWithPrimitiveReturn: Boolean
  queryWithListReturn: [TestObjectWithinAList]
  queryWithCollectionReturn: TestingConnections
}

type Settings_0 {
  id: String
  bio: String
}

enum SomeTestEnum {
  \\"\\"\\"description\\"\\"\\"
  ENUM

  \\"\\"\\"another description\\"\\"\\"
  ANOTHER
}

\\"\\"\\"This is a test description\\"\\"\\"
type TestCollection {
  totalCount: Int!
  nodes: Int
}

\\"\\"\\"Connection description\\"\\"\\"
type TestingConnections {
  totalCount: Int!
  nodes: [String]!
}

type TestObjectWithinAList {
  testListOfObjects: ID!
  testModel: UserWithTodos_0
  enum: SomeTestEnum
}

\\"\\"\\"Some user here\\"\\"\\"
type UserWithTodos_0 {
  id: String
  name: String
  settings: modelFactoryModelConnection
  todos: modelFactoryModelConnection
  todoGroups: modelFactoryModelConnection
}
"
`;
