// Jest Snapshot v1, https://goo.gl/fbAQLP

exports[`generates a schema 1`] = `
"export const getDatabaseConnection = () => knex();

export function RawUsers<Result = RawUser[]>(
  options: options = { connection: getDatabaseConnection() }
) {
  return options.connection<RawUser, Result>(\\"user\\");
};

export function RawUserAccounts<Result = RawUserAccount[]>(
  options: options = { connection: getDatabaseConnection() }
) {
  return options.connection<RawUserAccount, Result>(\\"user_account\\");
};

"
`;
